// Jest Snapshot v1, https://goo.gl/fbAQLP

exports[`<Number /> should render provided data 1`] = `
<div>
  123,456.67
</div>
`;
