// Jest Snapshot v1, https://goo.gl/fbAQLP

exports[`<Text /> should render provided data 1`] = `
<div>
  avocado
</div>
`;
