// Jest Snapshot v1, https://goo.gl/fbAQLP

exports[`<Password /> should render provided data 1`] = `
<WithStyles(ForwardRef(Input))
  disabled={false}
  error={false}
  onChange={[Function]}
  type="password"
  value="secretPassword"
/>
`;
