// Jest Snapshot v1, https://goo.gl/fbAQLP

exports[`<Switch /> should render provided data 1`] = `
<WithStyles(ForwardRef(Switch))
  checked={true}
  disabled={false}
  onChange={[Function]}
/>
`;
